Sat Mar 07 2026 22:17:22 } [BRANDABLE] info: Server running on port 5050
Sat Mar 07 2026 22:17:22 } [BRANDABLE] info: Express API routes available
Sat Mar 07 2026 22:17:22 } [BRANDABLE] info: Socket.io running on same port
Sat Mar 07 2026 22:17:27 } [BRANDABLE] info: SIGTERM received
Sat Mar 07 2026 22:17:27 } [BRANDABLE] info: Server running on port 5050
Sat Mar 07 2026 22:17:27 } [BRANDABLE] info: Express API routes available
Sat Mar 07 2026 22:17:27 } [BRANDABLE] info: Socket.io running on same port
Sat Mar 07 2026 22:17:27 } [BRANDABLE] info: SIGTERM received
Sat Mar 07 2026 22:17:27 } [BRANDABLE] info: Server running on port 5050
Sat Mar 07 2026 22:17:27 } [BRANDABLE] info: Express API routes available
Sat Mar 07 2026 22:17:27 } [BRANDABLE] info: Socket.io running on same port
Sat Mar 07 2026 22:17:28 } [BRANDABLE] info: SIGTERM received
Sat Mar 07 2026 22:17:28 } [BRANDABLE] info: Server running on port 5050
Sat Mar 07 2026 22:17:28 } [BRANDABLE] info: Express API routes available
Sat Mar 07 2026 22:17:28 } [BRANDABLE] info: Socket.io running on same port
Sat Mar 07 2026 22:17:28 } [BRANDABLE] info: SIGTERM received
Sat Mar 07 2026 22:17:29 } [BRANDABLE] info: Server running on port 5050
Sat Mar 07 2026 22:17:29 } [BRANDABLE] info: Express API routes available
Sat Mar 07 2026 22:17:29 } [BRANDABLE] info: Socket.io running on same port
Sat Mar 07 2026 22:17:29 } [BRANDABLE] info: SIGTERM received
Sat Mar 07 2026 22:17:29 } [BRANDABLE] info: Server running on port 5050
Sat Mar 07 2026 22:17:29 } [BRANDABLE] info: Express API routes available
Sat Mar 07 2026 22:17:29 } [BRANDABLE] info: Socket.io running on same port
Sat Mar 07 2026 22:19:19 } [BRANDABLE] info: SIGTERM received
Sat Mar 07 2026 22:19:20 } [BRANDABLE] info: Server running on port 5050
Sat Mar 07 2026 22:19:20 } [BRANDABLE] info: Express API routes available
Sat Mar 07 2026 22:19:20 } [BRANDABLE] info: Socket.io running on same port
Sat Mar 07 2026 22:19:22 } [BRANDABLE] info: SIGTERM received
Sat Mar 07 2026 22:19:22 } [BRANDABLE] info: Server running on port 5050
Sat Mar 07 2026 22:19:22 } [BRANDABLE] info: Express API routes available
Sat Mar 07 2026 22:19:22 } [BRANDABLE] info: Socket.io running on same port
Sat Mar 07 2026 22:19:23 } [BRANDABLE] info: SIGTERM received
Sat Mar 07 2026 22:19:23 } [BRANDABLE] info: Server running on port 5050
Sat Mar 07 2026 22:19:23 } [BRANDABLE] info: Express API routes available
Sat Mar 07 2026 22:19:23 } [BRANDABLE] info: Socket.io running on same port
Sat Mar 07 2026 22:19:23 } [BRANDABLE] info: SIGTERM received
Sat Mar 07 2026 22:19:28 } [BRANDABLE] info: Server running on port 5050
Sat Mar 07 2026 22:19:28 } [BRANDABLE] info: Express API routes available
Sat Mar 07 2026 22:19:28 } [BRANDABLE] info: Socket.io running on same port
Sat Mar 07 2026 22:22:21 } [BRANDABLE] info: SIGTERM received
Sat Mar 07 2026 22:22:22 } [BRANDABLE] info: Server running on port 5050
Sat Mar 07 2026 22:22:22 } [BRANDABLE] info: Express API routes available
Sat Mar 07 2026 22:22:22 } [BRANDABLE] info: Socket.io running on same port
Sat Mar 07 2026 22:22:22 } [BRANDABLE] info: SIGTERM received
Sat Mar 07 2026 22:22:23 } [BRANDABLE] info: Server running on port 5050
Sat Mar 07 2026 22:22:23 } [BRANDABLE] info: Express API routes available
Sat Mar 07 2026 22:22:23 } [BRANDABLE] info: Socket.io running on same port
Sat Mar 07 2026 22:22:23 } [BRANDABLE] info: SIGTERM received
Sat Mar 07 2026 22:23:1 } [BRANDABLE] info: Server running on port 5050
Sat Mar 07 2026 22:23:1 } [BRANDABLE] info: Express API routes available
Sat Mar 07 2026 22:23:1 } [BRANDABLE] info: Socket.io running on same port
Sat Mar 07 2026 22:26:34 } [BRANDABLE] info: SIGTERM received
Sat Mar 07 2026 22:26:37 } [BRANDABLE] info: Server running on port 5050
Sat Mar 07 2026 22:26:37 } [BRANDABLE] info: Express API routes available
Sat Mar 07 2026 22:26:37 } [BRANDABLE] info: Socket.io running on same port
Sat Mar 07 2026 22:32:24 } [BRANDABLE] info: SIGTERM received
Sat Mar 07 2026 22:32:25 } [BRANDABLE] info: Server running on port 5050
Sat Mar 07 2026 22:32:25 } [BRANDABLE] info: Express API routes available
Sat Mar 07 2026 22:32:25 } [BRANDABLE] info: Socket.io running on same port
Sat Mar 07 2026 22:32:25 } [BRANDABLE] info: SIGTERM received
Sat Mar 07 2026 22:32:25 } [BRANDABLE] info: Server running on port 5050
Sat Mar 07 2026 22:32:25 } [BRANDABLE] info: Express API routes available
Sat Mar 07 2026 22:32:25 } [BRANDABLE] info: Socket.io running on same port
Sat Mar 07 2026 22:32:32 } [BRANDABLE] info: SIGTERM received
Sat Mar 07 2026 22:33:49 } [BRANDABLE] info: Server running on port 5050
Sat Mar 07 2026 22:33:49 } [BRANDABLE] info: Express API routes available
Sat Mar 07 2026 22:33:49 } [BRANDABLE] info: Socket.io running on same port
Sat Mar 07 2026 22:33:58 } [BRANDABLE] info: SIGTERM received
Sat Mar 07 2026 22:33:58 } [BRANDABLE] info: Server running on port 5050
Sat Mar 07 2026 22:33:58 } [BRANDABLE] info: Express API routes available
Sat Mar 07 2026 22:33:58 } [BRANDABLE] info: Socket.io running on same port
Sat Mar 07 2026 22:34:0 } [BRANDABLE] info: SIGTERM received
Sat Mar 07 2026 22:34:0 } [BRANDABLE] info: Server running on port 5050
Sat Mar 07 2026 22:34:0 } [BRANDABLE] info: Express API routes available
Sat Mar 07 2026 22:34:0 } [BRANDABLE] info: Socket.io running on same port
Sat Mar 07 2026 22:35:0 } [BRANDABLE] info: SIGTERM received
Sat Mar 07 2026 22:35:1 } [BRANDABLE] info: Server running on port 5050
Sat Mar 07 2026 22:35:1 } [BRANDABLE] info: Express API routes available
Sat Mar 07 2026 22:35:1 } [BRANDABLE] info: Socket.io running on same port
Sat Mar 07 2026 22:35:1 } [BRANDABLE] info: SIGTERM received
Sat Mar 07 2026 22:35:2 } [BRANDABLE] info: Server running on port 5050
Sat Mar 07 2026 22:35:2 } [BRANDABLE] info: Express API routes available
Sat Mar 07 2026 22:35:2 } [BRANDABLE] info: Socket.io running on same port
Sat Mar 07 2026 22:38:15 } [BRANDABLE] info: Server running on port 5050
Sat Mar 07 2026 22:38:15 } [BRANDABLE] info: Express API routes available
Sat Mar 07 2026 22:38:15 } [BRANDABLE] info: Socket.io running on same port
Sat Mar 07 2026 22:39:22 } [BRANDABLE] error: Error in savePaymentMethod: 
Invalid `prisma.paymentMethod.findMany()` invocation:


The column `payment_methods.country` does not exist in the current database.
Sat Mar 07 2026 22:40:15 } [BRANDABLE] info: Server running on port 5050
Sat Mar 07 2026 22:40:15 } [BRANDABLE] info: Express API routes available
Sat Mar 07 2026 22:40:15 } [BRANDABLE] info: Socket.io running on same port
Sat Mar 07 2026 22:40:36 } [BRANDABLE] error: Error in savePaymentMethod: 
Invalid `prisma.paymentMethod.findMany()` invocation:


The column `payment_methods.country` does not exist in the current database.
Sat Mar 07 2026 22:42:12 } [BRANDABLE] info: Server running on port 5050
Sat Mar 07 2026 22:42:12 } [BRANDABLE] info: Express API routes available
Sat Mar 07 2026 22:42:12 } [BRANDABLE] info: Socket.io running on same port
Sat Mar 07 2026 22:42:39 } [BRANDABLE] error: Error in savePaymentMethod: 
Invalid `prisma.paymentMethod.findMany()` invocation:


The column `payment_methods.country` does not exist in the current database.
Sat Mar 07 2026 22:54:4 } [BRANDABLE] info: Server running on port 5050
Sat Mar 07 2026 22:54:4 } [BRANDABLE] info: Express API routes available
Sat Mar 07 2026 22:54:4 } [BRANDABLE] info: Socket.io running on same port
Sat Mar 07 2026 22:54:37 } [BRANDABLE] error: Error in savePaymentMethod: 
Invalid `prisma.paymentMethod.findMany()` invocation:


The column `payment_methods.country` does not exist in the current database.
