Sat May 16 2026 22:12:40 } [BRANDABLE] info: Server running on port 5050
Sat May 16 2026 22:12:40 } [BRANDABLE] info: Express API routes available
Sat May 16 2026 22:12:40 } [BRANDABLE] info: Socket.io running on same port
Sat May 16 2026 22:22:14 } [BRANDABLE] info: SIGTERM received
Sat May 16 2026 22:23:8 } [BRANDABLE] info: Server running on port 5050
Sat May 16 2026 22:23:8 } [BRANDABLE] info: Express API routes available
Sat May 16 2026 22:23:8 } [BRANDABLE] info: Socket.io running on same port
Sat May 16 2026 22:26:8 } [BRANDABLE] info: SIGTERM received
Sat May 16 2026 22:26:12 } [BRANDABLE] info: HTTP server closed
Sat May 16 2026 22:26:13 } [BRANDABLE] info: Server running on port 5050
Sat May 16 2026 22:26:13 } [BRANDABLE] info: Express API routes available
Sat May 16 2026 22:26:13 } [BRANDABLE] info: Socket.io running on same port
Sat May 16 2026 22:28:51 } [BRANDABLE] info: SIGTERM received
Sat May 16 2026 22:29:18 } [BRANDABLE] info: Server running on port 5050
Sat May 16 2026 22:29:18 } [BRANDABLE] info: Express API routes available
Sat May 16 2026 22:29:18 } [BRANDABLE] info: Socket.io running on same port
Sat May 16 2026 22:29:32 } [BRANDABLE] info: SIGTERM received
Sat May 16 2026 22:29:39 } [BRANDABLE] info: Server running on port 5050
Sat May 16 2026 22:29:39 } [BRANDABLE] info: Express API routes available
Sat May 16 2026 22:29:39 } [BRANDABLE] info: Socket.io running on same port
Sat May 16 2026 22:29:49 } [BRANDABLE] info: SIGTERM received
Sat May 16 2026 22:30:1 } [BRANDABLE] info: Server running on port 5050
Sat May 16 2026 22:30:1 } [BRANDABLE] info: Express API routes available
Sat May 16 2026 22:30:1 } [BRANDABLE] info: Socket.io running on same port
Sat May 16 2026 22:30:34 } [BRANDABLE] info: SIGTERM received
Sat May 16 2026 22:32:8 } [BRANDABLE] info: HTTP server closed
Sat May 16 2026 22:32:9 } [BRANDABLE] info: Server running on port 5050
Sat May 16 2026 22:32:9 } [BRANDABLE] info: Express API routes available
Sat May 16 2026 22:32:9 } [BRANDABLE] info: Socket.io running on same port
Sat May 16 2026 22:32:20 } [BRANDABLE] info: Server running on port 5050
Sat May 16 2026 22:32:20 } [BRANDABLE] info: Express API routes available
Sat May 16 2026 22:32:20 } [BRANDABLE] info: Socket.io running on same port
Sat May 16 2026 22:34:12 } [BRANDABLE] info: SIGTERM received
Sat May 16 2026 22:47:59 } [BRANDABLE] info: HTTP server closed
Sat May 16 2026 22:48:0 } [BRANDABLE] info: Server running on port 5050
Sat May 16 2026 22:48:0 } [BRANDABLE] info: Express API routes available
Sat May 16 2026 22:48:0 } [BRANDABLE] info: Socket.io running on same port
Sat May 16 2026 22:50:51 } [BRANDABLE] info: SIGTERM received
Sat May 16 2026 22:51:9 } [BRANDABLE] info: Server running on port 5050
Sat May 16 2026 22:51:9 } [BRANDABLE] info: Express API routes available
Sat May 16 2026 22:51:9 } [BRANDABLE] info: Socket.io running on same port
Sat May 16 2026 22:51:55 } [BRANDABLE] info: SIGTERM received
Sat May 16 2026 22:52:2 } [BRANDABLE] info: HTTP server closed
Sat May 16 2026 22:52:3 } [BRANDABLE] info: Server running on port 5050
Sat May 16 2026 22:52:3 } [BRANDABLE] info: Express API routes available
Sat May 16 2026 22:52:3 } [BRANDABLE] info: Socket.io running on same port
