Sat Mar 07 2026 23:0:5 } [BRANDABLE] info: Server running on port 5050
Sat Mar 07 2026 23:0:5 } [BRANDABLE] info: Express API routes available
Sat Mar 07 2026 23:0:5 } [BRANDABLE] info: Socket.io running on same port
Sat Mar 07 2026 23:0:46 } [BRANDABLE] error: Error in savePaymentMethod: 
Invalid `prisma.paymentMethod.findMany()` invocation:


The column `payment_methods.country` does not exist in the current database.
Sat Mar 07 2026 23:3:58 } [BRANDABLE] info: Server running on port 5050
Sat Mar 07 2026 23:3:58 } [BRANDABLE] info: Express API routes available
Sat Mar 07 2026 23:3:58 } [BRANDABLE] info: Socket.io running on same port
Sat Mar 07 2026 23:4:20 } [BRANDABLE] error: Error in savePaymentMethod: 
Invalid `prisma.paymentMethod.create()` invocation:

{
  data: {
    userId: "8a020086-ef9e-4712-a9c3-9b19fe958b6d",
    stripePaymentMethodId: "pm_1T8OH0PFRWrLO59dbmPnfZl0",
    type: "card",
    brand: "diners",
    last4: "1667",
    expMonth: 5,
    expYear: 2043,
    email: null,
    name: "Murad Wahid",
    phone: null,
    country: "BD",
    ~~~~~~~
    city: "Rangpur",
    state: null,
    postalCode: "5020",
    line1: "College para, Debiganj, Panchagarh",
    line2: "fsdfsdf",
    isDefault: false,
?   id?: String,
?   billingAddress?: String | Null,
?   createdAt?: DateTime,
?   order?: OrderUncheckedCreateNestedManyWithoutPaymentMethodInput
  }
}

Unknown argument `country`. Available options are marked with ?.
Sat Mar 07 2026 23:4:45 } [BRANDABLE] error: Error in savePaymentMethod: 
Invalid `prisma.paymentMethod.create()` invocation:

{
  data: {
    userId: "8a020086-ef9e-4712-a9c3-9b19fe958b6d",
    stripePaymentMethodId: "pm_1T8OHOPFRWrLO59d5JntYkkB",
    type: "card",
    brand: "unionpay",
    last4: "0047",
    expMonth: 3,
    expYear: 2045,
    email: null,
    name: "Murad Wahid",
    phone: null,
    country: "BD",
    ~~~~~~~
    city: "Rangpur",
    state: null,
    postalCode: "5020",
    line1: "College para, Debiganj, Panchagarh",
    line2: "fsdfsdf",
    isDefault: false,
?   id?: String,
?   billingAddress?: String | Null,
?   createdAt?: DateTime,
?   order?: OrderUncheckedCreateNestedManyWithoutPaymentMethodInput
  }
}

Unknown argument `country`. Available options are marked with ?.
Sat Mar 07 2026 23:5:20 } [BRANDABLE] info: SIGTERM received
Sat Mar 07 2026 23:5:20 } [BRANDABLE] info: Server running on port 5050
Sat Mar 07 2026 23:5:20 } [BRANDABLE] info: Express API routes available
Sat Mar 07 2026 23:5:20 } [BRANDABLE] info: Socket.io running on same port
Sat Mar 07 2026 23:6:23 } [BRANDABLE] info: SIGTERM received
Sat Mar 07 2026 23:6:24 } [BRANDABLE] info: Server running on port 5050
Sat Mar 07 2026 23:6:24 } [BRANDABLE] info: Express API routes available
Sat Mar 07 2026 23:6:24 } [BRANDABLE] info: Socket.io running on same port
Sat Mar 07 2026 23:8:53 } [BRANDABLE] info: Server running on port 5050
Sat Mar 07 2026 23:8:53 } [BRANDABLE] info: Express API routes available
Sat Mar 07 2026 23:8:53 } [BRANDABLE] info: Socket.io running on same port
Sat Mar 07 2026 23:9:36 } [BRANDABLE] info: Server running on port 5050
Sat Mar 07 2026 23:9:36 } [BRANDABLE] info: Express API routes available
Sat Mar 07 2026 23:9:36 } [BRANDABLE] info: Socket.io running on same port
Sat Mar 07 2026 23:10:20 } [BRANDABLE] info: SIGTERM received
Sat Mar 07 2026 23:10:21 } [BRANDABLE] info: Server running on port 5050
Sat Mar 07 2026 23:10:21 } [BRANDABLE] info: Express API routes available
Sat Mar 07 2026 23:10:21 } [BRANDABLE] info: Socket.io running on same port
Sat Mar 07 2026 23:10:21 } [BRANDABLE] info: SIGTERM received
Sat Mar 07 2026 23:10:22 } [BRANDABLE] info: Server running on port 5050
Sat Mar 07 2026 23:10:22 } [BRANDABLE] info: Express API routes available
Sat Mar 07 2026 23:10:22 } [BRANDABLE] info: Socket.io running on same port
Sat Mar 07 2026 23:10:27 } [BRANDABLE] info: SIGTERM received
Sat Mar 07 2026 23:10:28 } [BRANDABLE] info: Server running on port 5050
Sat Mar 07 2026 23:10:28 } [BRANDABLE] info: Express API routes available
Sat Mar 07 2026 23:10:28 } [BRANDABLE] info: Socket.io running on same port
Sat Mar 07 2026 23:12:27 } [BRANDABLE] info: Server running on port 5050
Sat Mar 07 2026 23:12:27 } [BRANDABLE] info: Express API routes available
Sat Mar 07 2026 23:12:27 } [BRANDABLE] info: Socket.io running on same port
