Sat Mar 14 2026 21:0:43 } [BRANDABLE] info: SIGTERM received
Sat Mar 14 2026 21:11:1 } [BRANDABLE] info: HTTP server closed
Sat Mar 14 2026 21:11:2 } [BRANDABLE] info: Server running on port 5050
Sat Mar 14 2026 21:11:2 } [BRANDABLE] info: Express API routes available
Sat Mar 14 2026 21:11:2 } [BRANDABLE] info: Socket.io running on same port
Sat Mar 14 2026 21:11:11 } [BRANDABLE] info: Server running on port 5050
Sat Mar 14 2026 21:11:11 } [BRANDABLE] info: Express API routes available
Sat Mar 14 2026 21:11:11 } [BRANDABLE] info: Socket.io running on same port
Sat Mar 14 2026 21:14:39 } [BRANDABLE] info: SIGTERM received
Sat Mar 14 2026 21:14:40 } [BRANDABLE] info: Server running on port 5050
Sat Mar 14 2026 21:14:40 } [BRANDABLE] info: Express API routes available
Sat Mar 14 2026 21:14:40 } [BRANDABLE] info: Socket.io running on same port
Sat Mar 14 2026 21:14:46 } [BRANDABLE] info: SIGTERM received
Sat Mar 14 2026 21:14:48 } [BRANDABLE] info: Server running on port 5050
Sat Mar 14 2026 21:14:48 } [BRANDABLE] info: Express API routes available
Sat Mar 14 2026 21:14:48 } [BRANDABLE] info: Socket.io running on same port
Sat Mar 14 2026 21:14:50 } [BRANDABLE] info: SIGTERM received
Sat Mar 14 2026 21:14:51 } [BRANDABLE] info: Server running on port 5050
Sat Mar 14 2026 21:14:51 } [BRANDABLE] info: Express API routes available
Sat Mar 14 2026 21:14:51 } [BRANDABLE] info: Socket.io running on same port
Sat Mar 14 2026 21:14:53 } [BRANDABLE] info: SIGTERM received
Sat Mar 14 2026 21:14:53 } [BRANDABLE] info: Server running on port 5050
Sat Mar 14 2026 21:14:53 } [BRANDABLE] info: Express API routes available
Sat Mar 14 2026 21:14:53 } [BRANDABLE] info: Socket.io running on same port
Sat Mar 14 2026 21:14:58 } [BRANDABLE] info: SIGTERM received
Sat Mar 14 2026 21:15:4 } [BRANDABLE] info: Server running on port 5050
Sat Mar 14 2026 21:15:4 } [BRANDABLE] info: Express API routes available
Sat Mar 14 2026 21:15:4 } [BRANDABLE] info: Socket.io running on same port
Sat Mar 14 2026 21:15:14 } [BRANDABLE] info: SIGTERM received
Sat Mar 14 2026 21:15:15 } [BRANDABLE] info: Server running on port 5050
Sat Mar 14 2026 21:15:15 } [BRANDABLE] info: Express API routes available
Sat Mar 14 2026 21:15:15 } [BRANDABLE] info: Socket.io running on same port
Sat Mar 14 2026 21:15:16 } [BRANDABLE] info: SIGTERM received
Sat Mar 14 2026 21:15:18 } [BRANDABLE] info: Server running on port 5050
Sat Mar 14 2026 21:15:18 } [BRANDABLE] info: Express API routes available
Sat Mar 14 2026 21:15:18 } [BRANDABLE] info: Socket.io running on same port
Sat Mar 14 2026 21:15:19 } [BRANDABLE] info: SIGTERM received
Sat Mar 14 2026 21:15:19 } [BRANDABLE] info: Server running on port 5050
Sat Mar 14 2026 21:15:19 } [BRANDABLE] info: Express API routes available
Sat Mar 14 2026 21:15:19 } [BRANDABLE] info: Socket.io running on same port
Sat Mar 14 2026 21:15:20 } [BRANDABLE] info: SIGTERM received
Sat Mar 14 2026 21:15:21 } [BRANDABLE] info: Server running on port 5050
Sat Mar 14 2026 21:15:21 } [BRANDABLE] info: Express API routes available
Sat Mar 14 2026 21:15:21 } [BRANDABLE] info: Socket.io running on same port
Sat Mar 14 2026 21:15:21 } [BRANDABLE] info: SIGTERM received
Sat Mar 14 2026 21:15:22 } [BRANDABLE] info: Server running on port 5050
Sat Mar 14 2026 21:15:22 } [BRANDABLE] info: Express API routes available
Sat Mar 14 2026 21:15:22 } [BRANDABLE] info: Socket.io running on same port
Sat Mar 14 2026 21:15:24 } [BRANDABLE] info: SIGTERM received
Sat Mar 14 2026 21:15:26 } [BRANDABLE] info: Server running on port 5050
Sat Mar 14 2026 21:15:26 } [BRANDABLE] info: Express API routes available
Sat Mar 14 2026 21:15:26 } [BRANDABLE] info: Socket.io running on same port
Sat Mar 14 2026 21:15:26 } [BRANDABLE] info: SIGTERM received
Sat Mar 14 2026 21:15:26 } [BRANDABLE] info: Server running on port 5050
Sat Mar 14 2026 21:15:26 } [BRANDABLE] info: Express API routes available
Sat Mar 14 2026 21:15:26 } [BRANDABLE] info: Socket.io running on same port
Sat Mar 14 2026 21:22:39 } [BRANDABLE] info: SIGTERM received
Sat Mar 14 2026 21:22:40 } [BRANDABLE] info: Server running on port 5050
Sat Mar 14 2026 21:22:40 } [BRANDABLE] info: Express API routes available
Sat Mar 14 2026 21:22:40 } [BRANDABLE] info: Socket.io running on same port
Sat Mar 14 2026 21:22:42 } [BRANDABLE] info: SIGTERM received
Sat Mar 14 2026 21:22:42 } [BRANDABLE] info: Server running on port 5050
Sat Mar 14 2026 21:22:42 } [BRANDABLE] info: Express API routes available
Sat Mar 14 2026 21:22:42 } [BRANDABLE] info: Socket.io running on same port
Sat Mar 14 2026 21:22:44 } [BRANDABLE] info: SIGTERM received
Sat Mar 14 2026 21:22:45 } [BRANDABLE] info: Server running on port 5050
Sat Mar 14 2026 21:22:45 } [BRANDABLE] info: Express API routes available
Sat Mar 14 2026 21:22:45 } [BRANDABLE] info: Socket.io running on same port
Sat Mar 14 2026 21:22:46 } [BRANDABLE] info: SIGTERM received
Sat Mar 14 2026 21:22:47 } [BRANDABLE] info: Server running on port 5050
Sat Mar 14 2026 21:22:47 } [BRANDABLE] info: Express API routes available
Sat Mar 14 2026 21:22:47 } [BRANDABLE] info: Socket.io running on same port
Sat Mar 14 2026 21:23:25 } [BRANDABLE] info: SIGTERM received
Sat Mar 14 2026 21:23:26 } [BRANDABLE] info: Server running on port 5050
Sat Mar 14 2026 21:23:26 } [BRANDABLE] info: Express API routes available
Sat Mar 14 2026 21:23:26 } [BRANDABLE] info: Socket.io running on same port
Sat Mar 14 2026 21:24:5 } [BRANDABLE] info: SIGTERM received
Sat Mar 14 2026 21:24:7 } [BRANDABLE] info: Server running on port 5050
Sat Mar 14 2026 21:24:7 } [BRANDABLE] info: Express API routes available
Sat Mar 14 2026 21:24:7 } [BRANDABLE] info: Socket.io running on same port
Sat Mar 14 2026 21:24:7 } [BRANDABLE] info: SIGTERM received
Sat Mar 14 2026 21:24:8 } [BRANDABLE] info: Server running on port 5050
Sat Mar 14 2026 21:24:8 } [BRANDABLE] info: Express API routes available
Sat Mar 14 2026 21:24:8 } [BRANDABLE] info: Socket.io running on same port
Sat Mar 14 2026 21:24:33 } [BRANDABLE] info: SIGTERM received
Sat Mar 14 2026 21:24:34 } [BRANDABLE] info: Server running on port 5050
Sat Mar 14 2026 21:24:34 } [BRANDABLE] info: Express API routes available
Sat Mar 14 2026 21:24:34 } [BRANDABLE] info: Socket.io running on same port
Sat Mar 14 2026 21:24:35 } [BRANDABLE] info: SIGTERM received
Sat Mar 14 2026 21:24:35 } [BRANDABLE] info: Server running on port 5050
Sat Mar 14 2026 21:24:35 } [BRANDABLE] info: Express API routes available
Sat Mar 14 2026 21:24:35 } [BRANDABLE] info: Socket.io running on same port
Sat Mar 14 2026 21:25:39 } [BRANDABLE] info: SIGTERM received
Sat Mar 14 2026 21:25:40 } [BRANDABLE] info: Server running on port 5050
Sat Mar 14 2026 21:25:40 } [BRANDABLE] info: Express API routes available
Sat Mar 14 2026 21:25:40 } [BRANDABLE] info: Socket.io running on same port
Sat Mar 14 2026 21:26:21 } [BRANDABLE] info: SIGTERM received
Sat Mar 14 2026 21:26:21 } [BRANDABLE] info: Server running on port 5050
Sat Mar 14 2026 21:26:21 } [BRANDABLE] info: Express API routes available
Sat Mar 14 2026 21:26:21 } [BRANDABLE] info: Socket.io running on same port
Sat Mar 14 2026 21:26:21 } [BRANDABLE] info: SIGTERM received
Sat Mar 14 2026 21:26:23 } [BRANDABLE] info: Server running on port 5050
Sat Mar 14 2026 21:26:23 } [BRANDABLE] info: Express API routes available
Sat Mar 14 2026 21:26:23 } [BRANDABLE] info: Socket.io running on same port
Sat Mar 14 2026 21:26:23 } [BRANDABLE] info: Server running on port 5050
Sat Mar 14 2026 21:26:23 } [BRANDABLE] info: Express API routes available
Sat Mar 14 2026 21:26:23 } [BRANDABLE] info: Socket.io running on same port
Sat Mar 14 2026 21:27:17 } [BRANDABLE] info: SIGTERM received
Sat Mar 14 2026 21:27:18 } [BRANDABLE] info: Server running on port 5050
Sat Mar 14 2026 21:27:18 } [BRANDABLE] info: Express API routes available
Sat Mar 14 2026 21:27:18 } [BRANDABLE] info: Socket.io running on same port
Sat Mar 14 2026 21:28:22 } [BRANDABLE] info: SIGTERM received
Sat Mar 14 2026 21:28:23 } [BRANDABLE] info: Server running on port 5050
Sat Mar 14 2026 21:28:23 } [BRANDABLE] info: Express API routes available
Sat Mar 14 2026 21:28:23 } [BRANDABLE] info: Socket.io running on same port
Sat Mar 14 2026 21:28:26 } [BRANDABLE] info: SIGTERM received
Sat Mar 14 2026 21:28:27 } [BRANDABLE] info: Server running on port 5050
Sat Mar 14 2026 21:28:27 } [BRANDABLE] info: Express API routes available
Sat Mar 14 2026 21:28:27 } [BRANDABLE] info: Socket.io running on same port
Sat Mar 14 2026 21:28:30 } [BRANDABLE] info: SIGTERM received
Sat Mar 14 2026 21:28:31 } [BRANDABLE] info: Server running on port 5050
Sat Mar 14 2026 21:28:31 } [BRANDABLE] info: Express API routes available
Sat Mar 14 2026 21:28:31 } [BRANDABLE] info: Socket.io running on same port
Sat Mar 14 2026 21:28:33 } [BRANDABLE] info: SIGTERM received
Sat Mar 14 2026 21:28:34 } [BRANDABLE] info: Server running on port 5050
Sat Mar 14 2026 21:28:34 } [BRANDABLE] info: Express API routes available
Sat Mar 14 2026 21:28:34 } [BRANDABLE] info: Socket.io running on same port
Sat Mar 14 2026 21:30:59 } [BRANDABLE] info: SIGTERM received
Sat Mar 14 2026 21:31:0 } [BRANDABLE] info: Server running on port 5050
Sat Mar 14 2026 21:31:0 } [BRANDABLE] info: Express API routes available
Sat Mar 14 2026 21:31:0 } [BRANDABLE] info: Socket.io running on same port
Sat Mar 14 2026 21:31:0 } [BRANDABLE] info: SIGTERM received
Sat Mar 14 2026 21:31:1 } [BRANDABLE] info: Server running on port 5050
Sat Mar 14 2026 21:31:1 } [BRANDABLE] info: Express API routes available
Sat Mar 14 2026 21:31:1 } [BRANDABLE] info: Socket.io running on same port
Sat Mar 14 2026 21:31:1 } [BRANDABLE] info: SIGTERM received
Sat Mar 14 2026 21:31:1 } [BRANDABLE] info: Server running on port 5050
Sat Mar 14 2026 21:31:1 } [BRANDABLE] info: Express API routes available
Sat Mar 14 2026 21:31:1 } [BRANDABLE] info: Socket.io running on same port
Sat Mar 14 2026 21:31:2 } [BRANDABLE] info: SIGTERM received
Sat Mar 14 2026 21:31:2 } [BRANDABLE] info: Server running on port 5050
Sat Mar 14 2026 21:31:2 } [BRANDABLE] info: Express API routes available
Sat Mar 14 2026 21:31:2 } [BRANDABLE] info: Socket.io running on same port
Sat Mar 14 2026 21:31:2 } [BRANDABLE] info: SIGTERM received
Sat Mar 14 2026 21:31:3 } [BRANDABLE] info: Server running on port 5050
Sat Mar 14 2026 21:31:3 } [BRANDABLE] info: Express API routes available
Sat Mar 14 2026 21:31:3 } [BRANDABLE] info: Socket.io running on same port
Sat Mar 14 2026 21:31:6 } [BRANDABLE] info: SIGTERM received
Sat Mar 14 2026 21:31:6 } [BRANDABLE] info: Server running on port 5050
Sat Mar 14 2026 21:31:6 } [BRANDABLE] info: Express API routes available
Sat Mar 14 2026 21:31:6 } [BRANDABLE] info: Socket.io running on same port
Sat Mar 14 2026 21:31:6 } [BRANDABLE] info: SIGTERM received
Sat Mar 14 2026 21:31:7 } [BRANDABLE] info: Server running on port 5050
Sat Mar 14 2026 21:31:7 } [BRANDABLE] info: Express API routes available
Sat Mar 14 2026 21:31:7 } [BRANDABLE] info: Socket.io running on same port
Sat Mar 14 2026 21:31:14 } [BRANDABLE] info: SIGTERM received
Sat Mar 14 2026 21:31:14 } [BRANDABLE] info: Server running on port 5050
Sat Mar 14 2026 21:31:14 } [BRANDABLE] info: Express API routes available
Sat Mar 14 2026 21:31:14 } [BRANDABLE] info: Socket.io running on same port
Sat Mar 14 2026 21:31:14 } [BRANDABLE] info: SIGTERM received
Sat Mar 14 2026 21:31:15 } [BRANDABLE] info: Server running on port 5050
Sat Mar 14 2026 21:31:15 } [BRANDABLE] info: Express API routes available
Sat Mar 14 2026 21:31:15 } [BRANDABLE] info: Socket.io running on same port
Sat Mar 14 2026 21:34:24 } [BRANDABLE] info: SIGTERM received
Sat Mar 14 2026 21:35:27 } [BRANDABLE] info: Server running on port 5050
Sat Mar 14 2026 21:35:27 } [BRANDABLE] info: Express API routes available
Sat Mar 14 2026 21:35:27 } [BRANDABLE] info: Socket.io running on same port
Sat Mar 14 2026 21:35:48 } [BRANDABLE] info: SIGTERM received
Sat Mar 14 2026 21:35:49 } [BRANDABLE] info: Server running on port 5050
Sat Mar 14 2026 21:35:49 } [BRANDABLE] info: Express API routes available
Sat Mar 14 2026 21:35:49 } [BRANDABLE] info: Socket.io running on same port
Sat Mar 14 2026 21:35:58 } [BRANDABLE] info: SIGTERM received
Sat Mar 14 2026 21:35:59 } [BRANDABLE] info: Server running on port 5050
Sat Mar 14 2026 21:35:59 } [BRANDABLE] info: Express API routes available
Sat Mar 14 2026 21:35:59 } [BRANDABLE] info: Socket.io running on same port
Sat Mar 14 2026 21:36:13 } [BRANDABLE] info: SIGTERM received
Sat Mar 14 2026 21:36:13 } [BRANDABLE] info: Server running on port 5050
Sat Mar 14 2026 21:36:13 } [BRANDABLE] info: Express API routes available
Sat Mar 14 2026 21:36:13 } [BRANDABLE] info: Socket.io running on same port
Sat Mar 14 2026 21:36:16 } [BRANDABLE] info: SIGTERM received
Sat Mar 14 2026 21:36:17 } [BRANDABLE] info: Server running on port 5050
Sat Mar 14 2026 21:36:17 } [BRANDABLE] info: Express API routes available
Sat Mar 14 2026 21:36:17 } [BRANDABLE] info: Socket.io running on same port
Sat Mar 14 2026 21:36:19 } [BRANDABLE] info: SIGTERM received
Sat Mar 14 2026 21:36:20 } [BRANDABLE] info: Server running on port 5050
Sat Mar 14 2026 21:36:20 } [BRANDABLE] info: Express API routes available
Sat Mar 14 2026 21:36:20 } [BRANDABLE] info: Socket.io running on same port
Sat Mar 14 2026 21:36:24 } [BRANDABLE] info: SIGTERM received
Sat Mar 14 2026 21:36:25 } [BRANDABLE] info: Server running on port 5050
Sat Mar 14 2026 21:36:25 } [BRANDABLE] info: Express API routes available
Sat Mar 14 2026 21:36:25 } [BRANDABLE] info: Socket.io running on same port
Sat Mar 14 2026 21:36:25 } [BRANDABLE] info: SIGTERM received
Sat Mar 14 2026 21:36:27 } [BRANDABLE] info: Server running on port 5050
Sat Mar 14 2026 21:36:27 } [BRANDABLE] info: Express API routes available
Sat Mar 14 2026 21:36:27 } [BRANDABLE] info: Socket.io running on same port
Sat Mar 14 2026 21:36:28 } [BRANDABLE] info: SIGTERM received
Sat Mar 14 2026 21:36:28 } [BRANDABLE] info: Server running on port 5050
Sat Mar 14 2026 21:36:28 } [BRANDABLE] info: Express API routes available
Sat Mar 14 2026 21:36:28 } [BRANDABLE] info: Socket.io running on same port
Sat Mar 14 2026 21:36:29 } [BRANDABLE] info: SIGTERM received
Sat Mar 14 2026 21:36:29 } [BRANDABLE] info: Server running on port 5050
Sat Mar 14 2026 21:36:29 } [BRANDABLE] info: Express API routes available
Sat Mar 14 2026 21:36:29 } [BRANDABLE] info: Socket.io running on same port
Sat Mar 14 2026 21:36:32 } [BRANDABLE] info: SIGTERM received
Sat Mar 14 2026 21:36:32 } [BRANDABLE] info: Server running on port 5050
Sat Mar 14 2026 21:36:32 } [BRANDABLE] info: Express API routes available
Sat Mar 14 2026 21:36:32 } [BRANDABLE] info: Socket.io running on same port
Sat Mar 14 2026 21:36:33 } [BRANDABLE] info: SIGTERM received
Sat Mar 14 2026 21:36:34 } [BRANDABLE] info: Server running on port 5050
Sat Mar 14 2026 21:36:34 } [BRANDABLE] info: Express API routes available
Sat Mar 14 2026 21:36:34 } [BRANDABLE] info: Socket.io running on same port
Sat Mar 14 2026 21:36:35 } [BRANDABLE] info: SIGTERM received
Sat Mar 14 2026 21:36:35 } [BRANDABLE] info: Server running on port 5050
Sat Mar 14 2026 21:36:35 } [BRANDABLE] info: Express API routes available
Sat Mar 14 2026 21:36:35 } [BRANDABLE] info: Socket.io running on same port
Sat Mar 14 2026 21:36:35 } [BRANDABLE] info: SIGTERM received
Sat Mar 14 2026 21:36:37 } [BRANDABLE] info: Server running on port 5050
Sat Mar 14 2026 21:36:37 } [BRANDABLE] info: Express API routes available
Sat Mar 14 2026 21:36:37 } [BRANDABLE] info: Socket.io running on same port
Sat Mar 14 2026 21:37:2 } [BRANDABLE] info: SIGTERM received
Sat Mar 14 2026 21:37:3 } [BRANDABLE] info: Server running on port 5050
Sat Mar 14 2026 21:37:3 } [BRANDABLE] info: Express API routes available
Sat Mar 14 2026 21:37:3 } [BRANDABLE] info: Socket.io running on same port
Sat Mar 14 2026 21:37:35 } [BRANDABLE] info: SIGTERM received
Sat Mar 14 2026 21:37:38 } [BRANDABLE] info: HTTP server closed
Sat Mar 14 2026 21:37:39 } [BRANDABLE] info: Server running on port 5050
Sat Mar 14 2026 21:37:39 } [BRANDABLE] info: Express API routes available
Sat Mar 14 2026 21:37:39 } [BRANDABLE] info: Socket.io running on same port
Sat Mar 14 2026 21:37:49 } [BRANDABLE] info: Server running on port 5050
Sat Mar 14 2026 21:37:49 } [BRANDABLE] info: Express API routes available
Sat Mar 14 2026 21:37:49 } [BRANDABLE] info: Socket.io running on same port
Sat Mar 14 2026 21:39:12 } [BRANDABLE] info: SIGTERM received
Sat Mar 14 2026 21:39:13 } [BRANDABLE] info: Server running on port 5050
Sat Mar 14 2026 21:39:13 } [BRANDABLE] info: Express API routes available
Sat Mar 14 2026 21:39:13 } [BRANDABLE] info: Socket.io running on same port
Sat Mar 14 2026 21:41:46 } [BRANDABLE] info: SIGTERM received
Sat Mar 14 2026 21:41:47 } [BRANDABLE] info: Server running on port 5050
Sat Mar 14 2026 21:41:47 } [BRANDABLE] info: Express API routes available
Sat Mar 14 2026 21:41:47 } [BRANDABLE] info: Socket.io running on same port
Sat Mar 14 2026 21:46:51 } [BRANDABLE] info: SIGTERM received
Sat Mar 14 2026 21:47:3 } [BRANDABLE] info: Server running on port 5050
Sat Mar 14 2026 21:47:3 } [BRANDABLE] info: Express API routes available
Sat Mar 14 2026 21:47:3 } [BRANDABLE] info: Socket.io running on same port
